PASS routine created through renderer IPC
PASS due routine creates exactly one Job jobs=1
PASS Routine never executes provider directly tasks=0
PASS Job carries Routine identity
PASS Job remains queued until existing Chief path wakes it queued
PASS nextRunAt pre-advanced past now 2026-08-29T03:21:00.000Z
PASS Chief loop executes existing Job path completed
PASS trusted Routine workspace reaches delegateTrusted execution context {"workspaceId":"ws_95ac6298e7f29892","cwd":"C:\\Users\\Eternal\\AppData\\Local\\Temp\\sovereign-v42-IXf09i\\gate-workspace"}
PASS Routine metadata reaches governed Job task {"routineId":"routine_de358c421c9f4992","scheduledFor":"2026-08-29T02:21:00.000Z"}
PASS Routine history links completed Job
PASS restart does not duplicate prior firing jobs=1
PASS disabled routine does not fire
PASS re-enable schedules future occurrence 2026-08-29T12:21:00.000Z
PASS real Routines UI Run now creates one governed Job and visible success {"runClicks":{"found":true,"disabled":true,"text":"P30 UI runnableEnabledCustom interval / 自定义间隔 · 60 min · Next run: 2026/8/29 20:21:00HistoryStarting… / 启动中…DisableArchive / 归档Remove"},"jobs":1,"routineRunCalls":1,"card":{"text":"P30 UI runnableEnabledCustom interval / 自定义间隔 · 60 min · Next run: 2026/8/29 20:21:00 · Last status: queuedHistoryRun now / 立即运行DisableArchive / 归档RemoveRoutine started: P30 UI runnable / 例行任务已启动：P30 UI runnableDismiss / 消退","runButtonDisabled":false}}
PASS Run now success remains bound to the selected Routine after refresh {"id":"run_25282106e8f636d1","scheduledFor":"2026-08-29T11:21:00.000Z","startedAt":"2026-08-29T11:21:00.000Z","status":"queued","source":"manual","jobId":"job_1d7066a69094229b"}
PASS Run now disables pending card and suppresses duplicate clicks {"duplicateRunClicks":{"found":true,"disabled":true,"text":"P30 UI duplicate runEnabledCustom interval / 自定义间隔 · 60 min · Next run: 2026/8/29 20:21:00HistoryStarting… / 启动中…DisableArchive / 归档Remove"},"jobs":1,"routineRunCalls":2}
PASS disabled Routine remains visibly fail-closed {"text":"P30 UI disabledDisabledCustom interval / 自定义间隔 · 60 min · Next run: —HistoryRun now / 立即运行EnableArchive / 归档Remove","runDisabled":true}
PASS unavailable Run now stays in-card with sanitized failure and no Job {"runFailureClicks":{"found":true,"disabled":true,"text":"P30 UI unavailable runEnabledCustom interval / 自定义间隔 · 60 min · Next run: 2026/8/29 20:21:00HistoryStarting… / 启动中…DisableArchive / 归档Remove"},"jobs":0,"card":{"text":"P30 UI unavailable runEnabledCustom interval / 自定义间隔 · 60 min · Next run: 2026/8/29 20:21:00HistoryRun now / 立即运行DisableArchive / 归档RemoveRoutine Job could not be createdDismiss / 消退","error":"Routine Job could not be createdDismiss / 消退"}}
PASS real Routines UI Restore reactivates the Routine without a Job {"restoreClicks":{"found":true,"disabled":true,"text":"P30 UI restoreArchived / 已归档Custom interval / 自定义间隔 · 60 min · Next run: —HistoryStarting… / 启动中…Restoring… / 恢复中…Remove"},"jobs":0,"restoreCalls":1,"restored":{"id":"routine_cea9890de3816660","name":"P30 UI restore","enabled":true,"canRun":true,"runState":"ready","coworkerId":"coworker_39785d4e1ad5d0c3","instruction":"P30 P30 UI restore bounded action fixture.","workspaceId":"ws_95ac6298e7f29892","state":"active","schedule":{"type":"custom","intervalMinutes":60},"createdAt":"2026-08-29T11:21:00.000Z","updatedAt":"2026-08-29T11:21:00.000Z","nextRunAt":"2026-08-29T12:21:00.000Z","failureCount":0,"history":[]},"card":{"text":"P30 UI restoreEnabledCustom interval / 自定义间隔 · 60 min · Next run: 2026/8/29 20:21:00HistoryRun now / 立即运行DisableArchive / 归档RemoveRoutine restored: P30 UI restore / 例行任务已恢复：P30 UI restoreDismiss / 消退"}}
PASS Restore disables pending card and suppresses duplicate clicks {"duplicateRestoreClicks":{"found":true,"disabled":true,"text":"P30 UI duplicate restoreArchived / 已归档Custom interval / 自定义间隔 · 60 min · Next run: —HistoryStarting… / 启动中…Restoring… / 恢复中…Remove"},"restoreCalls":1}
PASS unavailable Restore stays archived with in-card sanitized failure {"restoreFailureClicks":{"found":true,"disabled":true,"text":"P30 UI unavailable restoreArchived / 已归档Custom interval / 自定义间隔 · 60 min · Next run: —HistoryStarting… / 启动中…Restoring… / 恢复中…Remove"},"state":{"id":"routine_36a145e90231ee43","name":"P30 UI unavailable restore","enabled":false,"canRun":false,"runState":"archived","coworkerId":"coworker_39785d4e1ad5d0c3","instruction":"P30 P30 UI unavailable restore bounded action fixture.","workspaceId":"ws_ebd3eed7f9f83fdf","state":"archived","schedule":{"type":"custom","intervalMinutes":60},"createdAt":"2026-08-29T11:21:00.000Z","updatedAt":"2026-08-29T11:21:00.000Z","failureCount":0,"history":[]},"card":{"text":"P30 UI unavailable restoreArchived / 已归档Custom interval / 自定义间隔 · 60 min · Next run: —HistoryRun now / 立即运行Restore / 恢复Removeunknown trusted workspace: selected itemDismiss / 消退","error":"unknown trusted workspace: selected itemDismiss / 消退"}}
PASS stale Routine card fails closed without creating a Job {"staleClicks":{"found":true,"disabled":true,"text":"P30 UI staleEnabledCustom interval / 自定义间隔 · 60 min · Next run: 2026/8/29 20:21:00HistoryStarting… / 启动中…DisableArchive / 归档Remove"},"jobs":0,"card":{"text":"P30 UI staleEnabledCustom interval / 自定义间隔 · 60 min · Next run: 2026/8/29 20:21:00HistoryRun now / 立即运行DisableArchive / 归档Removeunknown routine id: selected itemDismiss / 消退","error":"unknown routine id: selected itemDismiss / 消退"}}
PASS Routine action states and Job count remain isolated after controller restart {"jobs":3,"jobCount":3,"ui":{"restored":"P30 UI restoreEnabledCustom interval / 自定义间隔 · 60 min · Next run: 2026/8/29 20:21:00HistoryRun now / 立即运行DisableArchive / 归档RemoveRoutine restored: P30 UI restore / 例行任务已恢复：P30 UI restoreDismiss / 消退","archived":"P30 UI unavailable restoreArchived / 已归档Custom interval / 自定义间隔 · 60 min · Next run: —HistoryRun now / 立即运行Restore / 恢复Removeunknown trusted workspace: selected itemDismiss / 消退"}}
PASS invalid trusted workspace fails Routine before Job creation jobs=3 tasks=1
PASS failed Routine history is durable and explicit {"status":"failed","failureCount":1}
PASS failed one-time Routine is consumed
PASS consumed one-time Routine cannot be re-enabled
PASS consumed one-time UI offers no Enable action ["History","Run now / 立即运行","Archive / 归档","Remove"]
PASS zh-CN Routines UI {"lang":"zh-CN","nav":"例行任务","title":"例行任务"}
PASS English Routines UI {"lang":"en","nav":"Routines","title":"Routines"}
PASS real product window keeps V4.1 navigation and opens Routines {"work":true,"attention":true,"routines":true,"settings":true,"routinesVisible":true,"title":"Routines"}
PASS real Routines editor exposes only supported schedules and fields {"open":true,"options":["one-time","hourly","daily","weekly","custom"],"fields":true,"states":{"one-time":{"at":false,"minute":true,"time":true,"weekday":true},"hourly":{"at":true,"minute":false,"time":true,"weekday":true},"daily":{"at":true,"minute":true,"time":false,"weekday":true},"weekly":{"at":true,"minute":true,"time":false,"weekday":false}}}
PASS real window visual evidence captured {"method":"BrowserWindow.capturePage","attempts":[]}
[summary] 33/33 PASS
