PASS routine created through renderer IPC
PASS due routine creates exactly one Job jobs=1
PASS Routine never executes provider directly tasks=0
PASS Job carries Routine identity
PASS Job remains queued until existing Chief path wakes it queued
PASS nextRunAt pre-advanced past now 2026-08-29T03:21:00.000Z
PASS Chief loop executes existing Job path completed
PASS trusted Routine workspace reaches delegateTrusted execution context {"workspaceId":"ws_94d0f2e918a5a2a0","cwd":"C:\\Users\\Eternal\\AppData\\Local\\Temp\\sovereign-v42-18neV3\\gate-workspace"}
PASS Routine metadata reaches governed Job task {"routineId":"routine_4ebe16bb9af091e4","scheduledFor":"2026-08-29T02:21:00.000Z"}
PASS Routine history links completed Job
PASS restart does not duplicate prior firing jobs=1
PASS disabled routine does not fire
PASS re-enable schedules future occurrence 2026-08-29T12:21:00.000Z
PASS Routine lifecycle actions use a product dialog instead of window confirm or prompt no native confirmation APIs in jobs UI
PASS real Routines UI Run now creates one governed Job and visible success {"runClicks":{"found":true,"disabled":true,"text":"P30 UI runnableEnabledCustom interval / 自定义间隔 · 60 min · Next run: 2026/8/29 20:21:00HistoryWorking… / 处理中…Updating… / 更新中…Updating… / 更新中…Removing… / 移除中…"},"jobs":1,"routineRunCalls":1,"card":{"text":"P30 UI runnableEnabledCustom interval / 自定义间隔 · 60 min · Next run: 2026/8/29 20:21:00 · Last status: queuedHistoryRun now / 立即运行DisableArchive / 归档RemoveRoutine started: P30 UI runnable / 例行任务已启动：P30 UI runnableDismiss / 消退","runButtonDisabled":false}}
PASS Run now success remains bound to the selected Routine after refresh {"id":"run_dff3e5131b224d93","scheduledFor":"2026-08-29T11:21:00.000Z","startedAt":"2026-08-29T11:21:00.000Z","status":"queued","source":"manual","jobId":"job_0ca26dc5c5eb6c90"}
PASS Run now disables pending card and suppresses duplicate clicks {"duplicateRunClicks":{"found":true,"disabled":true,"text":"P30 UI duplicate runEnabledCustom interval / 自定义间隔 · 60 min · Next run: 2026/8/29 20:21:00HistoryWorking… / 处理中…Updating… / 更新中…Updating… / 更新中…Removing… / 移除中…"},"jobs":1,"routineRunCalls":2}
PASS disabled Routine remains visibly fail-closed {"text":"P30 UI disabledDisabledCustom interval / 自定义间隔 · 60 min · Next run: —HistoryRun now / 立即运行EnableArchive / 归档Remove","runDisabled":true}
PASS unavailable Run now stays in-card with sanitized failure and no Job {"runFailureClicks":{"found":true,"disabled":true,"text":"P30 UI unavailable runEnabledCustom interval / 自定义间隔 · 60 min · Next run: 2026/8/29 20:21:00HistoryWorking… / 处理中…Updating… / 更新中…Updating… / 更新中…Removing… / 移除中…"},"jobs":0,"card":{"text":"P30 UI unavailable runEnabledCustom interval / 自定义间隔 · 60 min · Next run: 2026/8/29 20:21:00HistoryRun now / 立即运行DisableArchive / 归档RemoveRoutine Job could not be createdDismiss / 消退","error":"Routine Job could not be createdDismiss / 消退"}}
PASS real Routines UI Restore reactivates the Routine without a Job {"restoreClicks":{"found":true,"disabled":true,"text":"P30 UI restoreArchived / 已归档Custom interval / 自定义间隔 · 60 min · Next run: —HistoryWorking… / 处理中…Restoring… / 恢复中…Removing… / 移除中…"},"jobs":0,"restoreCalls":1,"restored":{"id":"routine_d46da98cd83b7562","name":"P30 UI restore","enabled":true,"canRun":true,"runState":"ready","coworkerId":"coworker_5db0f31eae154882","instruction":"P30 P30 UI restore bounded action fixture.","workspaceId":"ws_94d0f2e918a5a2a0","state":"active","schedule":{"type":"custom","intervalMinutes":60},"createdAt":"2026-08-29T11:21:00.000Z","updatedAt":"2026-08-29T11:21:00.000Z","nextRunAt":"2026-08-29T12:21:00.000Z","failureCount":0,"history":[]},"card":{"text":"P30 UI restoreEnabledCustom interval / 自定义间隔 · 60 min · Next run: 2026/8/29 20:21:00HistoryRun now / 立即运行DisableArchive / 归档RemoveRoutine restored: P30 UI restore / 例行任务已恢复：P30 UI restoreDismiss / 消退"}}
PASS Restore disables pending card and suppresses duplicate clicks {"duplicateRestoreClicks":{"found":true,"disabled":true,"text":"P30 UI duplicate restoreArchived / 已归档Custom interval / 自定义间隔 · 60 min · Next run: —HistoryWorking… / 处理中…Restoring… / 恢复中…Removing… / 移除中…"},"restoreCalls":1}
PASS unavailable Restore stays archived with in-card sanitized failure {"restoreFailureClicks":{"found":true,"disabled":true,"text":"P30 UI unavailable restoreArchived / 已归档Custom interval / 自定义间隔 · 60 min · Next run: —HistoryWorking… / 处理中…Restoring… / 恢复中…Removing… / 移除中…"},"state":{"id":"routine_58ba38335500c183","name":"P30 UI unavailable restore","enabled":false,"canRun":false,"runState":"archived","coworkerId":"coworker_5db0f31eae154882","instruction":"P30 P30 UI unavailable restore bounded action fixture.","workspaceId":"ws_8701274e3e0fda87","state":"archived","schedule":{"type":"custom","intervalMinutes":60},"createdAt":"2026-08-29T11:21:00.000Z","updatedAt":"2026-08-29T11:21:00.000Z","failureCount":0,"history":[]},"card":{"text":"P30 UI unavailable restoreArchived / 已归档Custom interval / 自定义间隔 · 60 min · Next run: —HistoryRun now / 立即运行Restore / 恢复Removeunknown trusted workspace: selected itemDismiss / 消退","error":"unknown trusted workspace: selected itemDismiss / 消退"}}
PASS stale Routine card fails closed without creating a Job {"staleClicks":{"found":true,"disabled":true,"text":"P30 UI staleEnabledCustom interval / 自定义间隔 · 60 min · Next run: 2026/8/29 20:21:00HistoryWorking… / 处理中…Updating… / 更新中…Updating… / 更新中…Removing… / 移除中…"},"jobs":0,"card":{"text":"P30 UI staleEnabledCustom interval / 自定义间隔 · 60 min · Next run: 2026/8/29 20:21:00HistoryRun now / 立即运行DisableArchive / 归档Removeunknown routine id: selected itemDismiss / 消退","error":"unknown routine id: selected itemDismiss / 消退"}}
PASS Routine action states and Job count remain isolated after controller restart {"jobs":3,"jobCount":3,"ui":{"restored":"P30 UI restoreEnabledCustom interval / 自定义间隔 · 60 min · Next run: 2026/8/29 20:21:00HistoryRun now / 立即运行DisableArchive / 归档RemoveRoutine restored: P30 UI restore / 例行任务已恢复：P30 UI restoreDismiss / 消退","archived":"P30 UI unavailable restoreArchived / 已归档Custom interval / 自定义间隔 · 60 min · Next run: —HistoryRun now / 立即运行Restore / 恢复Removeunknown trusted workspace: selected itemDismiss / 消退"}}
PASS real Routines UI Disable then Enable keeps one card bound and shows success {"disableClick":{"found":true,"disabled":true,"text":"P47 UI toggleEnabledCustom interval / 自定义间隔 · 60 min · Next run: 2026/8/29 20:21:00HistoryWorking… / 处理中…Updating… / 更新中…Updating… / 更新中…Removing… / 移除中…"},"enableClick":{"found":true,"disabled":true,"text":"P47 UI toggleDisabledCustom interval / 自定义间隔 · 60 min · Next run: —HistoryWorking… / 处理中…Updating… / 更新中…Updating… / 更新中…Removing… / 移除中…"},"disabled":false,"enabled":true,"calls":2}
PASS real Routines UI Archive then Restore keeps existing recoverable semantics {"archiveClick":{"found":true,"disabled":true,"text":"P47 UI archiveEnabledCustom interval / 自定义间隔 · 60 min · Next run: 2026/8/29 20:21:00HistoryWorking… / 处理中…Updating… / 更新中…Updating… / 更新中…Removing… / 移除中…"},"restoreFromArchiveClick":{"found":true,"disabled":true,"text":"P47 UI archiveArchived / 已归档Custom interval / 自定义间隔 · 60 min · Next run: —HistoryWorking… / 处理中…Restoring… / 恢复中…Removing… / 移除中…"},"archived":"archived","restored":"active","archiveCalls":1}
PASS Remove cancel leaves the selected Routine unchanged {"cancelDialog":{"found":true,"open":true,"text":"ROUTINE LIFECYCLE / 例行任务生命周期Remove Routine? / 移除例行任务？×Routine: P47 UI remove cancel / 例行任务：P47 UI remove cancelThis permanently removes the Routine and its schedule/history. Use Archive if you may want to restore it later. / 此操作会永久移除例行任务及其计划/历史；如需以后恢复，请使用归档。Cancel / 取消Remove Routine / 移除例行任务"},"cancelResult":{"open":false},"removeCalls":0}
PASS Remove confirm permanently removes only the selected Routine with visible success {"confirmDialog":{"found":true,"open":true,"text":"ROUTINE LIFECYCLE / 例行任务生命周期Remove Routine? / 移除例行任务？×Routine: P47 UI remove confirm / 例行任务：P47 UI remove confirmThis permanently removes the Routine and its schedule/history. Use Archive if you may want to restore it later. / 此操作会永久移除例行任务及其计划/历史；如需以后恢复，请使用归档。Cancel / 取消Remove Routine / 移除例行任务"},"confirmResult":{"found":true,"open":false},"present":false,"status":"Routine removed: P47 UI remove confirm / 例行任务已移除：P47 UI remove confirm"}
PASS injected Enable-state IPC failure is visible and retry succeeds {"failedToggleClick":{"found":true,"disabled":true,"text":"P47 UI toggle retryEnabledCustom interval / 自定义间隔 · 60 min · Next run: 2026/8/29 20:21:00HistoryWorking… / 处理中…Updating… / 更新中…Updating… / 更新中…Removing… / 移除中…"},"failedToggleState":true,"failedToggleCard":{"text":"P47 UI toggle retryEnabledCustom interval / 自定义间隔 · 60 min · Next run: 2026/8/29 20:21:00HistoryRun now / 立即运行DisableArchive / 归档RemoveP47 injected IPC failure for retryDismiss / 消退","buttons":[{"text":"History","disabled":false},{"text":"Run now / 立即运行","disabled":false},{"text":"Disable","disabled":false},{"text":"Archive / 归档","disabled":false},{"text":"Remove","disabled":false},{"text":"Dismiss / 消退","disabled":false}]},"retriedToggleClick":{"found":true,"disabled":true,"text":"P47 UI toggle retryEnabledCustom interval / 自定义间隔 · 60 min · Next run: 2026/8/29 20:21:00HistoryWorking… / 处理中…Updating… / 更新中…Updating… / 更新中…Removing… / 移除中…"},"retried":false}
PASS injected Remove IPC failure preserves the card and retry removes it {"failedRemoveDialog":{"found":true,"open":true,"text":"ROUTINE LIFECYCLE / 例行任务生命周期Remove Routine? / 移除例行任务？×Routine: P47 UI remove retry / 例行任务：P47 UI remove retryThis permanently removes the Routine and its schedule/history. Use Archive if you may want to restore it later. / 此操作会永久移除例行任务及其计划/历史；如需以后恢复，请使用归档。Cancel / 取消Remove Routine / 移除例行任务"},"failedRemoveConfirm":{"found":true,"open":false},"failedRemovePresent":true,"failedRemoveCard":{"text":"P47 UI remove retryEnabledCustom interval / 自定义间隔 · 60 min · Next run: 2026/8/29 20:21:00HistoryRun now / 立即运行DisableArchive / 归档RemoveP47 injected IPC failure for retryDismiss / 消退","buttons":[{"text":"History","disabled":false},{"text":"Run now / 立即运行","disabled":false},{"text":"Disable","disabled":false},{"text":"Archive / 归档","disabled":false},{"text":"Remove","disabled":false},{"text":"Dismiss / 消退","disabled":false}]},"retriedRemoveDialog":{"found":true,"open":true,"text":"ROUTINE LIFECYCLE / 例行任务生命周期Remove Routine? / 移除例行任务？×Routine: P47 UI remove retry / 例行任务：P47 UI remove retryThis permanently removes the Routine and its schedule/history. Use Archive if you may want to restore it later. / 此操作会永久移除例行任务及其计划/历史；如需以后恢复，请使用归档。Cancel / 取消Remove Routine / 移除例行任务"},"retriedRemoveConfirm":{"found":true,"open":false},"retriedRemovePresent":false}
PASS double-clicking Remove confirmation issues one IPC call {"doubleDialog":{"found":true,"open":true,"text":"ROUTINE LIFECYCLE / 例行任务生命周期Remove Routine? / 移除例行任务？×Routine: P47 UI double remove / 例行任务：P47 UI double removeThis permanently removes the Routine and its schedule/history. Use Archive if you may want to restore it later. / 此操作会永久移除例行任务及其计划/历史；如需以后恢复，请使用归档。Cancel / 取消Remove Routine / 移除例行任务"},"doubleConfirm":{"found":true,"open":false},"removeCalls":1,"present":false}
PASS invalid trusted workspace fails Routine before Job creation jobs=3 tasks=1
PASS failed Routine history is durable and explicit {"status":"failed","failureCount":1}
PASS failed one-time Routine is consumed
PASS consumed one-time Routine cannot be re-enabled
PASS consumed one-time UI offers no Enable action ["History","Run now / 立即运行","Archive / 归档","Remove"]
PASS zh-CN Routines UI {"lang":"zh-CN","nav":"例行任务","title":"例行任务"}
PASS English Routines UI {"lang":"en","nav":"Routines","title":"Routines"}
PASS real product window keeps V4.1 navigation and opens Routines {"work":true,"attention":true,"routines":true,"settings":true,"routinesVisible":true,"title":"Routines"}
PASS real Routines editor exposes only supported schedules and fields {"open":true,"options":["one-time","hourly","daily","weekly","custom"],"fields":true,"states":{"one-time":{"at":false,"minute":true,"time":true,"weekday":true},"hourly":{"at":true,"minute":false,"time":true,"weekday":true},"daily":{"at":true,"minute":true,"time":false,"weekday":true},"weekly":{"at":true,"minute":true,"time":false,"weekday":false}}}
PASS real window visual evidence captured {"method":"BrowserWindow.capturePage","attempts":[]}
[summary] 41/41 PASS
